// Jest Snapshot v1, https://goo.gl/fbAQLP

exports[`Pruebas en el componente de <GifItem /> Debe de hacer match con el snapshot. 1`] = `
<div>
  <div
    class="card"
  >
    <img
      alt="Naruto"
      src="https://naruto/com/naruto.jpg"
    />
    <p>
      Naruto
    </p>
  </div>
</div>
`;
